F                                                                        [100%]
=================================== FAILURES ===================================
__________________________ test_full_agent_graph_mock __________________________
tests/unit/test_agent.py:217: in test_full_agent_graph_mock
    res = await run_financial_agent(
app/agents/financial_analyst/agent.py:96: in run_financial_agent
    state_output = await graph.ainvoke(state_input, config=config)
                   ^^^^^^^^^^^^^^^^^^^^^^^^^^^^^^^^^^^^^^^^^^^^^^^
.venv/lib/python3.14/site-packages/langgraph/pregel/main.py:3171: in ainvoke
    async for chunk in self.astream(
.venv/lib/python3.14/site-packages/langgraph/pregel/main.py:2993: in astream
    async for _ in runner.atick(
.venv/lib/python3.14/site-packages/langgraph/pregel/_runner.py:295: in atick
    await arun_with_retry(
.venv/lib/python3.14/site-packages/langgraph/pregel/_retry.py:137: in arun_with_retry
    return await task.proc.ainvoke(task.input, config)
           ^^^^^^^^^^^^^^^^^^^^^^^^^^^^^^^^^^^^^^^^^^^
.venv/lib/python3.14/site-packages/langgraph/_internal/_runnable.py:706: in ainvoke
    input = await asyncio.create_task(
.venv/lib/python3.14/site-packages/langgraph/_internal/_runnable.py:474: in ainvoke
    ret = await self.afunc(*args, **kwargs)
          ^^^^^^^^^^^^^^^^^^^^^^^^^^^^^^^^^
app/agents/financial_analyst/executor.py:35: in execute_tools
    raise ToolExecutionException("Active database session 'db' was not provided in graph config.")
E   app.agents.financial_analyst.exceptions.ToolExecutionException: Active database session 'db' was not provided in graph config.
E   During task with name 'executor' and id 'dcd4d0a6-74c0-87cb-47d7-cdcee157779e'
----------------------------- Captured stdout call -----------------------------
2026-06-11T14:45:21.012715Z [info     ] run_financial_agent.start      company_id=None query=Hello agent thread_id=thread_test_123
2026-06-11T14:45:21.015998Z [info     ] query_classifier.success       confidence=1.0 intent=GENERAL_QA
2026-06-11T14:45:21.017747Z [info     ] planner.success                steps_count=0
=============================== warnings summary ===============================
app/schemas/tone.py:31
  /home/pranav/Documents/AI Financial Document Analyst/backend/app/schemas/tone.py:31: PydanticDeprecatedSince20: Support for class-based `config` is deprecated, use ConfigDict instead. Deprecated in Pydantic V2.0 to be removed in V3.0. See Pydantic V2 Migration Guide at https://errors.pydantic.dev/2.13/migration/
    class ManagementToneResponse(ManagementToneBase):

app/schemas/tone.py:43
  /home/pranav/Documents/AI Financial Document Analyst/backend/app/schemas/tone.py:43: PydanticDeprecatedSince20: Support for class-based `config` is deprecated, use ConfigDict instead. Deprecated in Pydantic V2.0 to be removed in V3.0. See Pydantic V2 Migration Guide at https://errors.pydantic.dev/2.13/migration/
    class ToneEvolutionResponse(BaseModel):

.venv/lib/python3.14/site-packages/google/genai/types.py:42
  /home/pranav/Documents/AI Financial Document Analyst/backend/.venv/lib/python3.14/site-packages/google/genai/types.py:42: DeprecationWarning: '_UnionGenericAlias' is deprecated and slated for removal in Python 3.17
    VersionedUnionType = Union[builtin_types.UnionType, _UnionGenericAlias]

.venv/lib/python3.14/site-packages/langgraph/cache/base/__init__.py:8
  /home/pranav/Documents/AI Financial Document Analyst/backend/.venv/lib/python3.14/site-packages/langgraph/cache/base/__init__.py:8: LangChainPendingDeprecationWarning: The default value of `allowed_objects` will change in a future version. Pass an explicit value (e.g., allowed_objects='messages' or allowed_objects='core') to suppress this warning.
    from langgraph.checkpoint.serde.jsonplus import JsonPlusSerializer

.venv/lib/python3.14/site-packages/langgraph/_internal/_runnable.py:485: 5 warnings
tests/unit/test_agent.py: 5 warnings
  /home/pranav/Documents/AI Financial Document Analyst/backend/.venv/lib/python3.14/site-packages/langgraph/_internal/_runnable.py:485: DeprecationWarning: 'asyncio.iscoroutinefunction' is deprecated and slated for removal in Python 3.16; use inspect.iscoroutinefunction() instead
    asyncio.iscoroutinefunction(func)

app/agents/financial_analyst/agent.py:37
tests/unit/test_agent.py::test_full_agent_graph_mock
  /home/pranav/Documents/AI Financial Document Analyst/backend/app/agents/financial_analyst/agent.py:37: UserWarning: The 'config' parameter should be typed as 'RunnableConfig' or 'RunnableConfig | None', not 'dict[str, Any] | None'. 
    workflow.add_node("executor", executor.execute_tools)

app/schemas/agent.py:37
  /home/pranav/Documents/AI Financial Document Analyst/backend/app/schemas/agent.py:37: PydanticDeprecatedSince20: Support for class-based `config` is deprecated, use ConfigDict instead. Deprecated in Pydantic V2.0 to be removed in V3.0. See Pydantic V2 Migration Guide at https://errors.pydantic.dev/2.13/migration/
    class ThreadOut(BaseModel):

app/schemas/agent.py:48
  /home/pranav/Documents/AI Financial Document Analyst/backend/app/schemas/agent.py:48: PydanticDeprecatedSince20: Support for class-based `config` is deprecated, use ConfigDict instead. Deprecated in Pydantic V2.0 to be removed in V3.0. See Pydantic V2 Migration Guide at https://errors.pydantic.dev/2.13/migration/
    class MessageOut(BaseModel):

tests/unit/test_agent.py::test_full_agent_graph_mock
  /home/pranav/Documents/AI Financial Document Analyst/backend/.venv/lib/python3.14/site-packages/pytest_asyncio/plugin.py:1216: DeprecationWarning: 'asyncio.get_event_loop_policy' is deprecated and slated for removal in Python 3.16
    return asyncio.get_event_loop_policy()

tests/unit/test_agent.py::test_full_agent_graph_mock
  /home/pranav/Documents/AI Financial Document Analyst/backend/.venv/lib/python3.14/site-packages/pytest_asyncio/plugin.py:874: DeprecationWarning: 'asyncio.get_event_loop_policy' is deprecated and slated for removal in Python 3.16
    _restore_event_loop_policy(asyncio.get_event_loop_policy()),

tests/unit/test_agent.py::test_full_agent_graph_mock
  /home/pranav/Documents/AI Financial Document Analyst/backend/.venv/lib/python3.14/site-packages/pytest_asyncio/plugin.py:772: DeprecationWarning: 'asyncio.get_event_loop_policy' is deprecated and slated for removal in Python 3.16
    old_loop_policy = asyncio.get_event_loop_policy()

tests/unit/test_agent.py::test_full_agent_graph_mock
  /home/pranav/Documents/AI Financial Document Analyst/backend/.venv/lib/python3.14/site-packages/pytest_asyncio/plugin.py:777: DeprecationWarning: 'asyncio.set_event_loop_policy' is deprecated and slated for removal in Python 3.16
    asyncio.set_event_loop_policy(policy)

tests/unit/test_agent.py::test_full_agent_graph_mock
  /home/pranav/Documents/AI Financial Document Analyst/backend/.venv/lib/python3.14/site-packages/pytest_asyncio/plugin.py:1183: DeprecationWarning: 'asyncio.get_event_loop_policy' is deprecated and slated for removal in Python 3.16
    loop = asyncio.get_event_loop_policy().new_event_loop()

tests/unit/test_agent.py::test_full_agent_graph_mock
  /home/pranav/Documents/AI Financial Document Analyst/backend/.venv/lib/python3.14/site-packages/pytest_asyncio/plugin.py:889: DeprecationWarning: 'asyncio.get_event_loop_policy' is deprecated and slated for removal in Python 3.16
    policy = asyncio.get_event_loop_policy()

tests/unit/test_agent.py::test_full_agent_graph_mock
  /home/pranav/Documents/AI Financial Document Analyst/backend/.venv/lib/python3.14/site-packages/pytest_asyncio/plugin.py:794: DeprecationWarning: 'asyncio.set_event_loop_policy' is deprecated and slated for removal in Python 3.16
    asyncio.set_event_loop_policy(old_loop_policy)

tests/unit/test_agent.py::test_full_agent_graph_mock
  /home/pranav/Documents/AI Financial Document Analyst/backend/.venv/lib/python3.14/site-packages/pytest_asyncio/plugin.py:942: DeprecationWarning: 'asyncio.get_event_loop_policy' is deprecated and slated for removal in Python 3.16
    policy = asyncio.get_event_loop_policy()

tests/unit/test_agent.py::test_full_agent_graph_mock
  /home/pranav/Documents/AI Financial Document Analyst/backend/.venv/lib/python3.14/site-packages/pytest_asyncio/plugin.py:966: DeprecationWarning: 'asyncio.set_event_loop_policy' is deprecated and slated for removal in Python 3.16
    asyncio.set_event_loop_policy(previous_policy)

tests/unit/test_agent.py::test_full_agent_graph_mock
  /home/pranav/Documents/AI Financial Document Analyst/backend/.venv/lib/python3.14/site-packages/pytest_asyncio/plugin.py:978: DeprecationWarning: 'asyncio.get_event_loop_policy' is deprecated and slated for removal in Python 3.16
    policy = asyncio.get_event_loop_policy()

-- Docs: https://docs.pytest.org/en/stable/how-to/capture-warnings.html
=========================== short test summary info ============================
FAILED tests/unit/test_agent.py::test_full_agent_graph_mock - app.agents.fina...
1 failed, 28 warnings in 0.33s
